// Jest Snapshot v1, https://goo.gl/fbAQLP

exports[`CommitRow component should render initial layout 1`] = `
Array [
  <div
    className="row"
  >
    <div
      className="col-md-12"
    >
      <h6>
        <a
          href="#"
        />
      </h6>
      <div
        className="row"
      >
        <div
          className="col-md-4"
        >
          <img
            src=""
          />
        </div>
        <div
          className="col-md-8"
        >
          <p />
        </div>
      </div>
    </div>
  </div>,
]
`;
